/Users/annechafer/Documents/workspace-spring-tool-suite-4-4.16.0.RELEASE/KeySorting/src/main/java/com/example/KeySortingApplication.java
/Users/annechafer/Documents/workspace-spring-tool-suite-4-4.16.0.RELEASE/KeySorting/src/main/java/com/example/persistence/repository/SongRepository.java
/Users/annechafer/Documents/workspace-spring-tool-suite-4-4.16.0.RELEASE/KeySorting/src/main/java/com/example/service/SongService.java
/Users/annechafer/Documents/workspace-spring-tool-suite-4-4.16.0.RELEASE/KeySorting/src/main/java/com/example/config/AppConfig.java
/Users/annechafer/Documents/workspace-spring-tool-suite-4-4.16.0.RELEASE/KeySorting/src/main/java/com/example/persistence/repository/PlaylistRepository.java
/Users/annechafer/Documents/workspace-spring-tool-suite-4-4.16.0.RELEASE/KeySorting/src/main/java/com/example/service/PlaylistService.java
/Users/annechafer/Documents/workspace-spring-tool-suite-4-4.16.0.RELEASE/KeySorting/src/main/java/com/example/rest/dto/PlaylistDTO.java
/Users/annechafer/Documents/workspace-spring-tool-suite-4-4.16.0.RELEASE/KeySorting/src/main/java/com/example/exception/PlaylistNotFoundException.java
/Users/annechafer/Documents/workspace-spring-tool-suite-4-4.16.0.RELEASE/KeySorting/src/main/java/com/example/persistence/domain/Song.java
/Users/annechafer/Documents/workspace-spring-tool-suite-4-4.16.0.RELEASE/KeySorting/src/main/java/com/example/exception/SongNotFoundException.java
/Users/annechafer/Documents/workspace-spring-tool-suite-4-4.16.0.RELEASE/KeySorting/src/main/java/com/example/rest/dto/SongDTO.java
/Users/annechafer/Documents/workspace-spring-tool-suite-4-4.16.0.RELEASE/KeySorting/src/main/java/com/example/rest/controller/PlaylistController.java
/Users/annechafer/Documents/workspace-spring-tool-suite-4-4.16.0.RELEASE/KeySorting/src/main/java/com/example/persistence/domain/Playlist.java
/Users/annechafer/Documents/workspace-spring-tool-suite-4-4.16.0.RELEASE/KeySorting/src/main/java/com/example/rest/controller/SongController.java
